Traceback (most recent call last):
  File "/opt/hostedtoolcache/Python/3.8.18/x64/lib/python3.8/site-packages/jupyter_core/utils/__init__.py", line 154, in wrapped
    asyncio.get_running_loop()
RuntimeError: no running event loop

During handling of the above exception, another exception occurred:

Traceback (most recent call last):
  File "/opt/hostedtoolcache/Python/3.8.18/x64/lib/python3.8/site-packages/jupyter_cache/executors/utils.py", line 58, in single_nb_execution
    executenb(
  File "/opt/hostedtoolcache/Python/3.8.18/x64/lib/python3.8/site-packages/nbclient/client.py", line 1305, in execute
    return NotebookClient(nb=nb, resources=resources, km=km, **kwargs).execute()
  File "/opt/hostedtoolcache/Python/3.8.18/x64/lib/python3.8/site-packages/jupyter_core/utils/__init__.py", line 158, in wrapped
    return loop.run_until_complete(inner)
  File "/opt/hostedtoolcache/Python/3.8.18/x64/lib/python3.8/asyncio/base_events.py", line 616, in run_until_complete
    return future.result()
  File "/opt/hostedtoolcache/Python/3.8.18/x64/lib/python3.8/site-packages/nbclient/client.py", line 705, in async_execute
    await self.async_execute_cell(
  File "/opt/hostedtoolcache/Python/3.8.18/x64/lib/python3.8/site-packages/nbclient/client.py", line 1058, in async_execute_cell
    await self._check_raise_for_error(cell, cell_index, exec_reply)
  File "/opt/hostedtoolcache/Python/3.8.18/x64/lib/python3.8/site-packages/nbclient/client.py", line 914, in _check_raise_for_error
    raise CellExecutionError.from_cell_and_msg(cell, exec_reply_content)
nbclient.exceptions.CellExecutionError: An error occurred while executing the following cell:
------------------
import numpy as np
import matplotlib.pyplot as plt

r_values = np.linspace(0.2 * r_eq_au, 2.5 * r_eq_au, 500)
V_values = evaluate_Morse(r_values, De_au, beta_au, r_eq_au)

plt.plot(r_values, V_values, label="Morse Potential")
plt.axhline(0, color='gray', linestyle='--')
plt.axhline(0.4127, color='red', linestyle='--', label=r"$D_e$ (Dissociation Energy)")
plt.axvline(2.132, color='green', linestyle='--', label=r"$r_{eq}$ (Equilibrium Bond Length)")

plt.xlabel("Bond Length (au)")
plt.ylabel("Potential Energy (au)")
plt.title("Morse Potential for CO Molecule")
plt.tight_layout()
plt.legend()
plt.ylim(-0.05, 0.45)
plt.show()
------------------


[0;31m---------------------------------------------------------------------------[0m
[0;31mNameError[0m                                 Traceback (most recent call last)
Cell [0;32mIn[3], line 4[0m
[1;32m      1[0m [38;5;28;01mimport[39;00m[38;5;250m [39m[38;5;21;01mnumpy[39;00m[38;5;250m [39m[38;5;28;01mas[39;00m[38;5;250m [39m[38;5;21;01mnp[39;00m
[1;32m      2[0m [38;5;28;01mimport[39;00m[38;5;250m [39m[38;5;21;01mmatplotlib[39;00m[38;5;21;01m.[39;00m[38;5;21;01mpyplot[39;00m[38;5;250m [39m[38;5;28;01mas[39;00m[38;5;250m [39m[38;5;21;01mplt[39;00m
[0;32m----> 4[0m r_values [38;5;241m=[39m np[38;5;241m.[39mlinspace([38;5;241m0.2[39m [38;5;241m*[39m [43mr_eq_au[49m, [38;5;241m2.5[39m [38;5;241m*[39m r_eq_au, [38;5;241m500[39m)
[1;32m      5[0m V_values [38;5;241m=[39m evaluate_Morse(r_values, De_au, beta_au, r_eq_au)
[1;32m      7[0m plt[38;5;241m.[39mplot(r_values, V_values, label[38;5;241m=[39m[38;5;124m"[39m[38;5;124mMorse Potential[39m[38;5;124m"[39m)

[0;31mNameError[0m: name 'r_eq_au' is not defined

