Traceback (most recent call last):
  File "/opt/hostedtoolcache/Python/3.8.18/x64/lib/python3.8/site-packages/jupyter_core/utils/__init__.py", line 154, in wrapped
    asyncio.get_running_loop()
RuntimeError: no running event loop

During handling of the above exception, another exception occurred:

Traceback (most recent call last):
  File "/opt/hostedtoolcache/Python/3.8.18/x64/lib/python3.8/site-packages/jupyter_cache/executors/utils.py", line 58, in single_nb_execution
    executenb(
  File "/opt/hostedtoolcache/Python/3.8.18/x64/lib/python3.8/site-packages/nbclient/client.py", line 1305, in execute
    return NotebookClient(nb=nb, resources=resources, km=km, **kwargs).execute()
  File "/opt/hostedtoolcache/Python/3.8.18/x64/lib/python3.8/site-packages/jupyter_core/utils/__init__.py", line 158, in wrapped
    return loop.run_until_complete(inner)
  File "/opt/hostedtoolcache/Python/3.8.18/x64/lib/python3.8/asyncio/base_events.py", line 616, in run_until_complete
    return future.result()
  File "/opt/hostedtoolcache/Python/3.8.18/x64/lib/python3.8/site-packages/nbclient/client.py", line 705, in async_execute
    await self.async_execute_cell(
  File "/opt/hostedtoolcache/Python/3.8.18/x64/lib/python3.8/site-packages/nbclient/client.py", line 1058, in async_execute_cell
    await self._check_raise_for_error(cell, cell_index, exec_reply)
  File "/opt/hostedtoolcache/Python/3.8.18/x64/lib/python3.8/site-packages/nbclient/client.py", line 914, in _check_raise_for_error
    raise CellExecutionError.from_cell_and_msg(cell, exec_reply_content)
nbclient.exceptions.CellExecutionError: An error occurred while executing the following cell:
------------------
# TODO: Assign ket_alpha as a column vector using np.array
# Example: np.array([[...], [...]])
ket_alpha = ...

# TODO: Assign ket_beta as a column vector using np.array
ket_beta = ...

# Print both kets (already provided for you)
print("|alpha>")
print(ket_alpha)
print(ket_alpha.shape)

print("|beta>")
print(ket_beta)
------------------

----- stdout -----
|alpha>
Ellipsis
------------------

[0;31m---------------------------------------------------------------------------[0m
[0;31mAttributeError[0m                            Traceback (most recent call last)
Cell [0;32mIn[3], line 11[0m
[1;32m      9[0m [38;5;28mprint[39m([38;5;124m"[39m[38;5;124m|alpha>[39m[38;5;124m"[39m)
[1;32m     10[0m [38;5;28mprint[39m(ket_alpha)
[0;32m---> 11[0m [38;5;28mprint[39m([43mket_alpha[49m[38;5;241;43m.[39;49m[43mshape[49m)
[1;32m     13[0m [38;5;28mprint[39m([38;5;124m"[39m[38;5;124m|beta>[39m[38;5;124m"[39m)
[1;32m     14[0m [38;5;28mprint[39m(ket_beta)

[0;31mAttributeError[0m: 'ellipsis' object has no attribute 'shape'

